
 Fire Dynamics Simulator

 Current Date     : June 19, 2026  10:49:41
 Revision         : FDS-6.11.0-0-g369a20b-release
 Revision Date    : Fri May 15 17:26:52 2026 -0400
 Compiler         : Intel(R) Fortran Compiler for applications running on Intel(R) 64, Version 2025.2.0 Build 20250605
 Compilation Date : Sun-05/17/2026-11:24-PM

 Number of MPI Processes:  1

 MPI version: 4.1
 MPI library version: Intel(R) MPI Library 2021.16 for Windows* OS

 Hypre library version: v3.0.0
 Sundials library version: v7.5.0

 Job TITLE        : T-corridor fire for pyFDS-Evac demo
 Job ID string    : demo


 Grid Dimensions, Mesh     1

   Cells in the X Direction           120
   Cells in the Y Direction            52
   Cells in the Z Direction            12
   Number of Grid Cells             74880


 Physical Dimensions, Mesh     1

   Length (m)                      30.000
   Width  (m)                      13.000
   Height (m)                       3.000

 Miscellaneous Parameters

   Total Number of Grid Cells       74880
   Maximum Cell Aspect Ratio        1.000
   Initial Time Step (s)            0.230
   CFL Velocity Norm                    2
   Simulation Start Time (s)          0.0
   Simulation End Time (s)          300.0
   Background Pressure (Pa)     101325.00
   Ambient Temperature (C)          20.00

   3D Cartesian
   VLES Calculation
   Eddy Viscosity Model:  Deardorff (C_DEARDORFF = 0.10)
   Surface INERT Eddy Viscosity Model:  WALE (C_WALE = 0.60)
   Surface FIRE Eddy Viscosity Model:  WALE (C_WALE = 0.60)
   Turbulent Prandtl Number:         0.50
   Turbulent Schmidt Number:         0.50


 Pressure solver information

   Solver:                            FFT
   Velocity tolerance (m/s):    1.250E-01
   Press eqn res tol (1/s^2):   3.200E+02
   Max pressure iterations:            10


 Background Stratification

      Z (m)     P_0 (Pa)    TMP_0 (C)
   ------------------------------------
        2.88    101291.30     20.00
        2.62    101294.23     20.00
        2.38    101297.16     20.00
        2.12    101300.09     20.00
        1.88    101303.02     20.00
        1.62    101305.95     20.00
        1.38    101308.87     20.00
        1.12    101311.81     20.00
        0.88    101314.74     20.00
        0.62    101317.66     20.00
        0.38    101320.60     20.00
        0.12    101323.53     20.00


 Mass Fraction Transformation Matrix to Convert Species Mixtures (Columns) to Primitive Species (Rows)

                         AIR       CABLE_FU  PRODUCTS  HYDROGEN
   NITROGEN              0.762470  0.000000  0.706145  0.000000
   OXYGEN                0.230997  0.000000  0.000000  0.000000
   CARBON DIOXIDE        0.000591  0.000000  0.163311  0.000000
   WATER VAPOR           0.005941  0.000000  0.093394  0.000000
   CARBON MONOXIDE       0.000000  0.000000  0.016294  0.000000
   SOOT                  0.000000  0.000000  0.018683  0.000000
   HYDROGEN              0.000000  0.000000  0.000000  0.000000
   HYDROGEN CYANIDE      0.000000  0.000000  0.002172  1.000000
   CABLE_FUEL            0.000000  1.000000  0.000000  0.000000


 Primitive Species Information

   NITROGEN
   Gas Species
   Molecular Weight (g/mol)                28.01340
   Ambient Density (kg/m^3)                1.165
           Enthalpy of Formation (J/kg)  0.000E+00

   OXYGEN
   Gas Species
   Molecular Weight (g/mol)                31.99880
   Ambient Density (kg/m^3)                1.330
           Enthalpy of Formation (J/kg)  0.000E+00

   CARBON DIOXIDE
   Gas Species
   Molecular Weight (g/mol)                44.00950
   Ambient Density (kg/m^3)                1.830
           Enthalpy of Formation (J/kg) -8.941E+06

   WATER VAPOR
   Gas Species
   Molecular Weight (g/mol)                18.01528
   Ambient Density (kg/m^3)                0.749
           Enthalpy of Formation (J/kg) -1.342E+07

   CARBON MONOXIDE
   Gas Species
   Molecular Weight (g/mol)                28.01010
   Ambient Density (kg/m^3)                1.164
           Enthalpy of Formation (J/kg) -3.946E+06

   SOOT
   Gas Species
   Molecular Weight (g/mol)                12.01070
   Ambient Density (kg/m^3)                0.499
           Enthalpy of Formation (J/kg)  0.000E+00

   HYDROGEN
   Gas Species
   Molecular Weight (g/mol)                 2.01588
   Ambient Density (kg/m^3)                0.084
           Enthalpy of Formation (J/kg)  0.000E+00

   HYDROGEN CYANIDE
   Gas Species
   Molecular Weight (g/mol)                27.02534
   Ambient Density (kg/m^3)                1.123
           Enthalpy of Formation (J/kg)  4.924E+06

   CABLE_FUEL
   Gas Species
   Molecular Weight (g/mol)                55.07850
   Ambient Density (kg/m^3)                2.290
   Assumed Enthalpy of Formation (J/kg) -8.380E+06


 Tracked (Lumped) Species Information

   AIR
   Molecular Weight (g/mol)            28.75198
   Ambient Density (kg/m^3)            1.195
   Initial Mass Fraction               1.000
   Enthalpy of Formation (J/kg)     -8.504E+04

   Sub Species                    Mass Fraction     Mole Fraction
   NITROGEN                       7.624699E-01      7.825727E-01
   OXYGEN                         2.309974E-01      2.075588E-01
   CARBON DIOXIDE                 5.914650E-04      3.864118E-04
   WATER VAPOR                    5.941209E-03      9.482037E-03
 
     Viscosity (kg/m/s) Ambient,  293 K:  1.796E-05
                                  500 K:  2.612E-05
                                 1000 K:  4.125E-05
                                 1500 K:  5.371E-05
                                 2000 K:  6.476E-05
   Therm. Cond. (W/m/K) Ambient,  293 K:  2.556E-02
                                  500 K:  3.814E-02
                                 1000 K:  6.686E-02
                                 1500 K:  9.249E-02
                                 2000 K:  1.153E-01
        Enthalpy (J/kg) Ambient,  293 K: -9.012E+04
                                  500 K:  1.222E+05
                                 1000 K:  6.721E+05
                                 1500 K:  1.270E+06
                                 2000 K:  1.896E+06
    Spec. Heat (J/kg/K) Ambient,  293 K:  1.016E+03
                                  500 K:  1.042E+03
                                 1000 K:  1.156E+03
                                 1500 K:  1.229E+03
                                 2000 K:  1.270E+03
   Diff. Coeff. (m^2/s) Ambient,  293 K:  1.991E-05
                                  500 K:  4.961E-05
                                 1000 K:  1.580E-04
                                 1500 K:  3.095E-04
                                 2000 K:  4.984E-04
     Gibbs Energy Amb. (kJ/mol),  293 K: -5.873E+01
                                  500 K: -1.007E+02
                                 1000 K: -2.117E+02
                                 1500 K: -3.312E+02
                                 2000 K: -4.568E+02

   CABLE_FUEL
   Molecular Weight (g/mol)            55.07850
   Ambient Density (kg/m^3)            2.290
   Initial Mass Fraction               0.000
   Enthalpy of Formation (J/kg)     -8.380E+06

   Sub Species                    Mass Fraction     Mole Fraction
   CABLE_FUEL                     1.000000E+00      1.000000E+00
 
     Viscosity (kg/m/s) Ambient,  293 K:  2.439E-05
                                  500 K:  3.522E-05
                                 1000 K:  5.536E-05
                                 1500 K:  7.202E-05
                                 2000 K:  8.680E-05
   Therm. Cond. (W/m/K) Ambient,  293 K:  1.815E-02
                                  500 K:  2.621E-02
                                 1000 K:  4.120E-02
                                 1500 K:  5.360E-02
                                 2000 K:  6.459E-02
        Enthalpy (J/kg) Ambient,  293 K: -8.383E+06
                                  500 K: -8.274E+06
                                 1000 K: -8.009E+06
                                 1500 K: -7.745E+06
                                 2000 K: -7.481E+06
    Spec. Heat (J/kg/K) Ambient,  293 K:  5.283E+02
                                  500 K:  5.283E+02
                                 1000 K:  5.283E+02
                                 1500 K:  5.283E+02
                                 2000 K:  5.283E+02
   Diff. Coeff. (m^2/s) Ambient,  293 K:  1.725E-05
                                  500 K:  4.286E-05
                                 1000 K:  1.362E-04
                                 1500 K:  2.667E-04
                                 2000 K:  4.294E-04

   PRODUCTS
   Molecular Weight (g/mol)            27.53301
   Ambient Density (kg/m^3)            1.145
   Initial Mass Fraction               0.000
   Enthalpy of Formation (J/kg)     -2.768E+06

   Sub Species                    Mass Fraction     Mole Fraction
   NITROGEN                       7.061452E-01      6.940359E-01
   CARBON DIOXIDE                 1.633113E-01      1.021700E-01
   WATER VAPOR                    9.339427E-02      1.427358E-01
   CARBON MONOXIDE                1.629354E-02      1.601601E-02
   SOOT                           1.868326E-02      4.282900E-02
   HYDROGEN CYANIDE               2.172472E-03      2.213282E-03
 
     Viscosity (kg/m/s) Ambient,  293 K:  1.607E-05
                                  500 K:  2.377E-05
                                 1000 K:  3.861E-05
                                 1500 K:  5.093E-05
                                 2000 K:  6.179E-05
   Therm. Cond. (W/m/K) Ambient,  293 K:  2.321E-02
                                  500 K:  3.607E-02
                                 1000 K:  6.700E-02
                                 1500 K:  9.588E-02
                                 2000 K:  1.217E-01
        Enthalpy (J/kg) Ambient,  293 K: -2.773E+06
                                  500 K: -2.544E+06
                                 1000 K: -1.934E+06
                                 1500 K: -1.257E+06
                                 2000 K: -5.393E+05
    Spec. Heat (J/kg/K) Ambient,  293 K:  1.078E+03
                                  500 K:  1.137E+03
                                 1000 K:  1.297E+03
                                 1500 K:  1.402E+03
                                 2000 K:  1.464E+03
   Diff. Coeff. (m^2/s) Ambient,  293 K:  1.977E-05
                                  500 K:  5.007E-05
                                 1000 K:  1.614E-04
                                 1500 K:  3.172E-04
                                 2000 K:  5.116E-04
     Gibbs Energy Amb. (kJ/mol),  293 K: -1.445E+02
                                  500 K: -1.859E+02
                                 1000 K: -2.963E+02
                                 1500 K: -4.163E+02
                                 2000 K: -5.429E+02

   HYDROGEN CYANIDE
   Molecular Weight (g/mol)            27.02534
   Ambient Density (kg/m^3)            1.123
   Initial Mass Fraction               0.000
   Enthalpy of Formation (J/kg)      4.924E+06

   Sub Species                    Mass Fraction     Mole Fraction
   HYDROGEN CYANIDE               1.000000E+00      1.000000E+00
 
     Viscosity (kg/m/s) Ambient,  293 K:  7.971E-06
                                  500 K:  1.375E-05
                                 1000 K:  2.689E-05
                                 1500 K:  3.768E-05
                                 2000 K:  4.695E-05
   Therm. Cond. (W/m/K) Ambient,  293 K:  1.502E-02
                                  500 K:  3.034E-02
                                 1000 K:  7.139E-02
                                 1500 K:  1.102E-01
                                 2000 K:  1.446E-01
        Enthalpy (J/kg) Ambient,  293 K:  4.918E+06
                                  500 K:  5.216E+06
                                 1000 K:  6.073E+06
                                 1500 K:  7.054E+06
                                 2000 K:  8.107E+06
    Spec. Heat (J/kg/K) Ambient,  293 K:  1.319E+03
                                  500 K:  1.544E+03
                                 1000 K:  1.859E+03
                                 1500 K:  2.047E+03
                                 2000 K:  2.156E+03
   Diff. Coeff. (m^2/s) Ambient,  293 K:  1.514E-05
                                  500 K:  4.090E-05
                                 1000 K:  1.374E-04
                                 1500 K:  2.730E-04
                                 2000 K:  4.417E-04
     Gibbs Energy Amb. (kJ/mol),  293 K:  7.395E+01
                                  500 K:  3.002E+01
                                 1000 K: -8.953E+01
                                 1500 K: -2.220E+02
                                 2000 K: -3.638E+02


 Gas Phase Reaction Information

   Solver Details:  

      ODE Solver:  EXPLICIT EULER

      Fuel                                           Heat of Combustion (kJ/kg)
      CABLE_FUEL                                                     16400.0000
      EPUMO2:                                                         8651.6659

      Primitive Species Stoich. Coeff.
      Species ID                                                          Molar
      NITROGEN                                                         0.479620
      OXYGEN                                                          -3.262816
      CARBON DIOXIDE                                                   1.875527
      WATER VAPOR                                                      2.479620
      CARBON MONOXIDE                                                  0.294957
      SOOT                                                             0.788755
      HYDROGEN CYANIDE                                                 0.040761
      CABLE_FUEL                                                      -1.000000

      Tracked (Lumped) Species Stoich. Coeff.
      Species ID                                             Molar         Mass
      AIR                                               -15.719956    -8.206104
      CABLE_FUEL                                         -1.000000    -1.000000
      PRODUCTS                                           18.416380     9.206104

      Reaction Kinetics

      Fast chemistry

      Extinction Model:  EXTINCTION 1
      Auto-Ignition Temperature (C):            -273.1
      Critical Flame Temperature (C):           1427.0

      Prescribed Radiative Fraction:             0.350


 Material Information


 Surface Conditions

   0 INERT (DEFAULT)

   1 FIRE
     HRR Per Unit Area (kW/m2)        400.0
     CABLE_FUEL Mass Flux (kg/s/m2)   2.439E-02

   2 OPEN
     Passive Vent to Atmosphere

   3 MIRROR
     Symmetry Plane

   4 INTERPOLATED

   5 PERIODIC

   6 HVAC

   7 MASSLESS TRACER

   8 DROPLET

   9 MASSLESS TARGET

  10 PERIODIC FLOW ONLY


 Lagrangian Particle Classes


 Cut-off Density and Temperature

    Minimum Temperature:  -259.1 C
    Maximum Temperature:  2726.8 C
    Minimum Density:  1.000E-02 kg/m3
    Maximum Density:  1.000E+02 kg/m3


 Device Information

   1 ID: T_fire
     QUANTITY: TEMPERATURE
     Coordinates (X,Y,Z):    2.500000E+01    1.150000E+01    2.000000E+00
     TEMPORAL STATISTIC: TIME AVERAGE
   2 ID: K_fire
     QUANTITY: EXTINCTION COEFFICIENT
     Species ID: SOOT
     Coordinates (X,Y,Z):    2.500000E+01    1.150000E+01    2.000000E+00
     TEMPORAL STATISTIC: TIME AVERAGE
   3 ID: V_fire
     QUANTITY: VISIBILITY
     Species ID: SOOT
     Coordinates (X,Y,Z):    2.500000E+01    1.150000E+01    2.000000E+00
     TEMPORAL STATISTIC: TIME AVERAGE
   4 ID: K_left
     QUANTITY: EXTINCTION COEFFICIENT
     Species ID: SOOT
     Coordinates (X,Y,Z):    1.000000E+01    1.150000E+01    2.000000E+00
     TEMPORAL STATISTIC: TIME AVERAGE
   5 ID: K_right
     QUANTITY: EXTINCTION COEFFICIENT
     Species ID: SOOT
     Coordinates (X,Y,Z):    2.500000E+01    1.150000E+01    2.000000E+00
     TEMPORAL STATISTIC: TIME AVERAGE
   6 ID: K_branch
     QUANTITY: EXTINCTION COEFFICIENT
     Species ID: SOOT
     Coordinates (X,Y,Z):    2.000000E+01    5.000000E+00    2.000000E+00
     TEMPORAL STATISTIC: TIME AVERAGE


 Slice File Information, Mesh     1

   1 Nodes:   0 120   0  52   8   8, Quantity: SOOT EXTINCTION COEFFICIENT
   2 Nodes:   0 120   0  52   8   8, Quantity: CARBON MONOXIDE VOLUME FRACTION
   3 Nodes:   0 120   0  52   8   8, Quantity: CARBON DIOXIDE VOLUME FRACTION
   4 Nodes:   0 120   0  52   8   8, Quantity: OXYGEN VOLUME FRACTION
   5 Nodes:   0 120   0  52   8   8, Quantity: HYDROGEN CYANIDE VOLUME FRACTION
   6 Nodes:   0 120   0  52   8   8, Quantity: SOOT VISIBILITY


 Radiation Model Information

   Number of control angles  104
   Time step increment         3
   Angle increment             5
   Theta band N_phi   Solid angle
     1:        4     0.120
     2:       12     0.114
     3:       16     0.127
     4:       20     0.120
     5:       20     0.120
     6:       16     0.127
     7:       12     0.114
     8:        4     0.120
   Using gray gas absorption.
   Mean beam length  1.000E-01 m
 
 

 Run Time Diagnostics

       Time Step        1   June 19, 2026  10:49:41
       Step Size:  0.230E+00 s, Total Time:    0.23046 s
       Pressure Iterations: 1
       Maximum Velocity Error:  0.16E-02 on Mesh 1 at (92,8,3)
       Maximum Pressure Error:  0.15E-05 on Mesh 1 at (113,41,3)
       Maximum CFL Number    :  0.23E-01 on Mesh 1 at (90,46,10)
       Maximum VN Number     :  0.29E-01 on Mesh 1 at (69,13,5)
       ---------------------------------------------------------------
       Max CFL number:  0.23E-01 at (90,46,10)
       Max divergence:  0.22E-05 at (71,20,2)
       Min divergence: -0.20E-05 at (67,51,11)
       Max VN number :  0.29E-01 at (69,13,5)
 
       Time Step        2   June 19, 2026  10:49:42
       Step Size:  0.230E+00 s, Total Time:    0.46091 s
       Pressure Iterations: 1
       Maximum Velocity Error:  0.13E-02 on Mesh 1 at (92,8,3)
       Maximum Pressure Error:  0.13E-05 on Mesh 1 at (99,41,5)
       Maximum CFL Number    :  0.23E-01 on Mesh 1 at (90,46,10)
       Maximum VN Number     :  0.26E-01 on Mesh 1 at (31,49,1)
       ---------------------------------------------------------------
       Max CFL number:  0.23E-01 at (90,46,10)
       Max divergence:  0.22E-05 at (71,20,2)
       Min divergence: -0.20E-05 at (67,51,11)
       Max VN number :  0.26E-01 at (31,49,1)
 
       Time Step        3   June 19, 2026  10:49:42
       Step Size:  0.230E+00 s, Total Time:    0.69137 s
       Pressure Iterations: 1
       Maximum Velocity Error:  0.49E-03 on Mesh 1 at (92,8,3)
       Maximum Pressure Error:  0.44E-06 on Mesh 1 at (113,41,3)
       Maximum CFL Number    :  0.23E-01 on Mesh 1 at (90,46,10)
       Maximum VN Number     :  0.26E-01 on Mesh 1 at (31,49,1)
       ---------------------------------------------------------------
       Max CFL number:  0.23E-01 at (90,46,10)
       Max divergence:  0.22E-05 at (71,20,2)
       Min divergence: -0.20E-05 at (67,51,11)
       Max VN number :  0.26E-01 at (31,49,1)
 
       Time Step        4   June 19, 2026  10:49:42
       Step Size:  0.230E+00 s, Total Time:    0.92183 s
       Pressure Iterations: 1
       Maximum Velocity Error:  0.13E-03 on Mesh 1 at (92,40,12)
       Maximum Pressure Error:  0.11E-06 on Mesh 1 at (95,41,12)
       Maximum CFL Number    :  0.23E-01 on Mesh 1 at (90,46,10)
       Maximum VN Number     :  0.26E-01 on Mesh 1 at (31,49,1)
       ---------------------------------------------------------------
       Max CFL number:  0.23E-01 at (90,46,10)
       Max divergence:  0.21E-05 at (71,20,2)
       Min divergence: -0.20E-05 at (67,51,11)
       Max VN number :  0.26E-01 at (31,49,1)
 
       Time Step        5   June 19, 2026  10:49:42
       Step Size:  0.230E+00 s, Total Time:    1.15228 s
       Pressure Iterations: 1
       Maximum Velocity Error:  0.88E-04 on Mesh 1 at (92,8,3)
       Maximum Pressure Error:  0.83E-07 on Mesh 1 at (11,41,3)
       Maximum CFL Number    :  0.23E-01 on Mesh 1 at (90,46,10)
       Maximum VN Number     :  0.26E-01 on Mesh 1 at (31,49,1)
       ---------------------------------------------------------------
       Max CFL number:  0.23E-01 at (90,46,10)
       Max divergence:  0.21E-05 at (71,20,2)
       Min divergence: -0.20E-05 at (67,51,11)
       Max VN number :  0.26E-01 at (31,49,1)
 
       Time Step        6   June 19, 2026  10:49:43
       Step Size:  0.230E+00 s, Total Time:    1.38274 s
       Pressure Iterations: 1
       Maximum Velocity Error:  0.44E-04 on Mesh 1 at (93,40,12)
       Maximum Pressure Error:  0.54E-07 on Mesh 1 at (69,29,12)
       Maximum CFL Number    :  0.22E-01 on Mesh 1 at (90,46,10)
       Maximum VN Number     :  0.26E-01 on Mesh 1 at (31,49,1)
       ---------------------------------------------------------------
       Max CFL number:  0.22E-01 at (90,46,10)
       Max divergence:  0.21E-05 at (71,20,2)
       Min divergence: -0.20E-05 at (67,51,11)
       Max VN number :  0.26E-01 at (31,49,1)
 
       Time Step        7   June 19, 2026  10:49:43
       Step Size:  0.230E+00 s, Total Time:    1.61320 s
       Pressure Iterations: 1
       Maximum Velocity Error:  0.32E-04 on Mesh 1 at (92,40,12)
       Maximum Pressure Error:  0.39E-07 on Mesh 1 at (92,6,1)
       Maximum CFL Number    :  0.22E-01 on Mesh 1 at (90,46,10)
       Maximum VN Number     :  0.26E-01 on Mesh 1 at (31,49,1)
       ---------------------------------------------------------------
       Max CFL number:  0.22E-01 at (90,46,10)
       Max divergence:  0.21E-05 at (71,20,2)
       Min divergence: -0.20E-05 at (67,51,11)
       Max VN number :  0.26E-01 at (31,49,1)
 
       Time Step        8   June 19, 2026  10:49:43
       Step Size:  0.230E+00 s, Total Time:    1.84365 s
       Pressure Iterations: 1
       Maximum Velocity Error:  0.97E-05 on Mesh 1 at (67,40,10)
       Maximum Pressure Error:  0.29E-07 on Mesh 1 at (69,15,12)
       Maximum CFL Number    :  0.22E-01 on Mesh 1 at (90,46,10)
       Maximum VN Number     :  0.26E-01 on Mesh 1 at (31,49,1)
       ---------------------------------------------------------------
       Max CFL number:  0.22E-01 at (90,46,10)
       Max divergence:  0.21E-05 at (71,20,2)
       Min divergence: -0.20E-05 at (67,51,11)
       Max VN number :  0.26E-01 at (31,49,1)
 
       Time Step        9   June 19, 2026  10:49:43
       Step Size:  0.230E+00 s, Total Time:    2.07411 s
       Pressure Iterations: 1
       Maximum Velocity Error:  0.59E-05 on Mesh 1 at (92,40,12)
       Maximum Pressure Error:  0.17E-07 on Mesh 1 at (92,16,12)
       Maximum CFL Number    :  0.22E-01 on Mesh 1 at (90,46,10)
       Maximum VN Number     :  0.26E-01 on Mesh 1 at (31,49,1)
       ---------------------------------------------------------------
       Max CFL number:  0.22E-01 at (90,46,10)
       Max divergence:  0.21E-05 at (71,20,2)
       Min divergence: -0.20E-05 at (67,51,11)
       Max VN number :  0.26E-01 at (31,49,1)
 
       Time Step       10   June 19, 2026  10:49:43
       Step Size:  0.230E+00 s, Total Time:    2.30457 s
       Pressure Iterations: 1
       Maximum Velocity Error:  0.66E-05 on Mesh 1 at (92,40,12)
       Maximum Pressure Error:  0.89E-08 on Mesh 1 at (45,41,12)
       Maximum CFL Number    :  0.22E-01 on Mesh 1 at (90,46,10)
       Maximum VN Number     :  0.26E-01 on Mesh 1 at (31,49,1)
       ---------------------------------------------------------------
       Max CFL number:  0.22E-01 at (90,46,10)
       Max divergence:  0.21E-05 at (71,20,2)
       Min divergence: -0.20E-05 at (67,51,11)
       Max VN number :  0.26E-01 at (31,49,1)
 
       Time Step       20   June 19, 2026  10:49:46
       Step Size:  0.230E+00 s, Total Time:    4.60913 s
       Pressure Iterations: 1
       Maximum Velocity Error:  0.87E-06 on Mesh 1 at (92,39,5)
       Maximum Pressure Error:  0.83E-08 on Mesh 1 at (90,6,12)
       Maximum CFL Number    :  0.21E-01 on Mesh 1 at (90,46,10)
       Maximum VN Number     :  0.26E-01 on Mesh 1 at (31,49,1)
       ---------------------------------------------------------------
       Max CFL number:  0.21E-01 at (90,46,10)
       Max divergence:  0.21E-05 at (79,22,2)
       Min divergence: -0.19E-05 at (67,51,11)
       Max VN number :  0.26E-01 at (31,49,1)
 
       Time Step       30   June 19, 2026  10:49:48
       Step Size:  0.230E+00 s, Total Time:    6.91370 s
       Pressure Iterations: 1
       Maximum Velocity Error:  0.44E-06 on Mesh 1 at (1,40,11)
       Maximum Pressure Error:  0.41E-08 on Mesh 1 at (120,49,8)
       Maximum CFL Number    :  0.21E-01 on Mesh 1 at (90,46,10)
       Maximum VN Number     :  0.26E-01 on Mesh 1 at (31,49,1)
       ---------------------------------------------------------------
       Max CFL number:  0.21E-01 at (90,46,10)
       Max divergence:  0.20E-05 at (79,22,2)
       Min divergence: -0.19E-05 at (67,51,11)
       Max VN number :  0.26E-01 at (31,49,1)
 
       Time Step       40   June 19, 2026  10:49:50
       Step Size:  0.230E+00 s, Total Time:    9.21826 s
       Pressure Iterations: 1
       Maximum Velocity Error:  0.39E-06 on Mesh 1 at (1,40,12)
       Maximum Pressure Error:  0.38E-08 on Mesh 1 at (120,49,8)
       Maximum CFL Number    :  0.20E-01 on Mesh 1 at (77,2,6)
       Maximum VN Number     :  0.26E-01 on Mesh 1 at (31,49,1)
       ---------------------------------------------------------------
       Max CFL number:  0.20E-01 at (77,2,6)
       Max divergence:  0.19E-05 at (79,22,2)
       Min divergence: -0.18E-05 at (90,6,11)
       Max VN number :  0.26E-01 at (31,49,1)
 
       Time Step       50   June 19, 2026  10:49:53
       Step Size:  0.230E+00 s, Total Time:   11.52283 s
       Pressure Iterations: 1
       Maximum Velocity Error:  0.52E-06 on Mesh 1 at (120,40,3)
       Maximum Pressure Error:  0.37E-08 on Mesh 1 at (1,50,3)
       Maximum CFL Number    :  0.19E-01 on Mesh 1 at (77,2,6)
       Maximum VN Number     :  0.26E-01 on Mesh 1 at (31,49,1)
       ---------------------------------------------------------------
       Max CFL number:  0.19E-01 at (77,2,6)
       Max divergence:  0.19E-05 at (79,22,2)
       Min divergence: -0.18E-05 at (90,6,11)
       Max VN number :  0.26E-01 at (31,49,1)
 
       Time Step       60   June 19, 2026  10:49:56
       Step Size:  0.230E+00 s, Total Time:   13.82739 s
       Pressure Iterations: 1
       Maximum Velocity Error:  0.28E-05 on Mesh 1 at (1,40,11)
       Maximum Pressure Error:  0.40E-08 on Mesh 1 at (1,50,3)
       Maximum CFL Number    :  0.19E-01 on Mesh 1 at (71,28,4)
       Maximum VN Number     :  0.26E-01 on Mesh 1 at (31,49,1)
       ---------------------------------------------------------------
       Max CFL number:  0.19E-01 at (71,28,4)
       Max divergence:  0.18E-05 at (79,22,2)
       Min divergence: -0.17E-05 at (90,6,11)
       Max VN number :  0.26E-01 at (31,49,1)
 
       Time Step       70   June 19, 2026  10:49:59
       Step Size:  0.230E+00 s, Total Time:   16.13196 s
       Pressure Iterations: 1
       Maximum Velocity Error:  0.33E-06 on Mesh 1 at (1,40,11)
       Maximum Pressure Error:  0.38E-08 on Mesh 1 at (1,50,4)
       Maximum CFL Number    :  0.19E-01 on Mesh 1 at (71,28,4)
       Maximum VN Number     :  0.25E-01 on Mesh 1 at (31,49,1)
       ---------------------------------------------------------------
       Max CFL number:  0.19E-01 at (71,28,4)
       Max divergence:  0.18E-05 at (18,46,2)
       Min divergence: -0.17E-05 at (90,6,11)
       Max VN number :  0.25E-01 at (31,49,1)
 
       Time Step       80   June 19, 2026  10:50:01
       Step Size:  0.230E+00 s, Total Time:   18.43652 s
       Pressure Iterations: 1
       Maximum Velocity Error:  0.34E-05 on Mesh 1 at (1,40,11)
       Maximum Pressure Error:  0.32E-08 on Mesh 1 at (120,44,10)
       Maximum CFL Number    :  0.18E-01 on Mesh 1 at (71,28,4)
       Maximum VN Number     :  0.25E-01 on Mesh 1 at (31,49,1)
       ---------------------------------------------------------------
       Max CFL number:  0.18E-01 at (71,28,4)
       Max divergence:  0.17E-05 at (18,46,2)
       Min divergence: -0.17E-05 at (90,6,11)
       Max VN number :  0.25E-01 at (31,49,1)
 
       Time Step       90   June 19, 2026  10:50:04
       Step Size:  0.230E+00 s, Total Time:   20.74109 s
       Pressure Iterations: 1
       Maximum Velocity Error:  0.39E-06 on Mesh 1 at (120,40,2)
       Maximum Pressure Error:  0.32E-08 on Mesh 1 at (120,44,10)
       Maximum CFL Number    :  0.18E-01 on Mesh 1 at (71,28,4)
       Maximum VN Number     :  0.25E-01 on Mesh 1 at (31,49,1)
       ---------------------------------------------------------------
       Max CFL number:  0.18E-01 at (71,28,4)
       Max divergence:  0.17E-05 at (18,46,2)
       Min divergence: -0.16E-05 at (90,6,11)
       Max VN number :  0.25E-01 at (31,49,1)
 
       Time Step      100   June 19, 2026  10:50:06
       Step Size:  0.230E+00 s, Total Time:   23.04565 s
       Pressure Iterations: 1
       Maximum Velocity Error:  0.36E-06 on Mesh 1 at (120,40,12)
       Maximum Pressure Error:  0.33E-08 on Mesh 1 at (120,44,10)
       Maximum CFL Number    :  0.18E-01 on Mesh 1 at (71,28,4)
       Maximum VN Number     :  0.25E-01 on Mesh 1 at (31,49,1)
       ---------------------------------------------------------------
       Max CFL number:  0.18E-01 at (71,28,4)
       Max divergence:  0.16E-05 at (18,46,2)
       Min divergence: -0.16E-05 at (90,6,11)
       Max VN number :  0.25E-01 at (31,49,1)
 
       Time Step      200   June 19, 2026  10:50:48
       Step Size:  0.112E+00 s, Total Time:   41.24787 s
       Pressure Iterations: 1
       Maximum Velocity Error:  0.34E-01 on Mesh 1 at (107,40,11)
       Maximum Pressure Error:  0.21E+00 on Mesh 1 at (107,41,11)
       Maximum CFL Number    :  0.84E+00 on Mesh 1 at (101,44,8)
       Maximum VN Number     :  0.58E+00 on Mesh 1 at (103,41,9)
       ---------------------------------------------------------------
       Max CFL number:  0.84E+00 at (101,44,8)
       Max divergence:  0.12E+00 at (98,44,1)
       Min divergence: -0.67E-01 at (102,44,4)
       Max VN number :  0.58E+00 at (103,41,9)
 
       Time Step      300   June 19, 2026  10:51:41
       Step Size:  0.898E-01 s, Total Time:   51.05879 s
       Pressure Iterations: 1
       Maximum Velocity Error:  0.21E-01 on Mesh 1 at (111,40,8)
       Maximum Pressure Error:  0.44E+00 on Mesh 1 at (101,43,9)
       Maximum CFL Number    :  0.88E+00 on Mesh 1 at (100,43,12)
       Maximum VN Number     :  0.59E+00 on Mesh 1 at (101,41,11)
       ---------------------------------------------------------------
       Max CFL number:  0.88E+00 at (100,43,12)
       Max divergence:  0.23E+00 at (100,45,1)
       Min divergence: -0.12E+00 at (100,44,4)
       Max VN number :  0.59E+00 at (101,41,11)
 
       Time Step      400   June 19, 2026  10:52:28
       Step Size:  0.791E-01 s, Total Time:   59.21829 s
       Pressure Iterations: 1
       Maximum Velocity Error:  0.35E-01 on Mesh 1 at (110,40,10)
       Maximum Pressure Error:  0.12E+01 on Mesh 1 at (99,43,8)
       Maximum CFL Number    :  0.86E+00 on Mesh 1 at (100,44,7)
       Maximum VN Number     :  0.47E+00 on Mesh 1 at (112,41,11)
       ---------------------------------------------------------------
       Max CFL number:  0.86E+00 at (100,44,7)
       Max divergence:  0.32E+00 at (100,45,1)
       Min divergence: -0.14E+00 at (100,44,6)
       Max VN number :  0.47E+00 at (112,41,11)
 
       Time Step      500   June 19, 2026  10:53:21
       Step Size:  0.691E-01 s, Total Time:   66.37707 s
       Pressure Iterations: 1
       Maximum Velocity Error:  0.45E-01 on Mesh 1 at (99,40,10)
       Maximum Pressure Error:  0.14E+01 on Mesh 1 at (101,42,12)
       Maximum CFL Number    :  0.83E+00 on Mesh 1 at (101,42,10)
       Maximum VN Number     :  0.53E+00 on Mesh 1 at (103,41,9)
       ---------------------------------------------------------------
       Max CFL number:  0.83E+00 at (101,42,10)
       Max divergence:  0.44E+00 at (101,45,1)
       Min divergence: -0.19E+00 at (100,44,4)
       Max VN number :  0.53E+00 at (103,41,9)
 
       Time Step      600   June 19, 2026  10:54:02
       Step Size:  0.626E-01 s, Total Time:   72.53928 s
       Pressure Iterations: 1
       Maximum Velocity Error:  0.50E-01 on Mesh 1 at (100,40,10)
       Maximum Pressure Error:  0.31E+01 on Mesh 1 at (99,41,12)
       Maximum CFL Number    :  0.87E+00 on Mesh 1 at (100,42,10)
       Maximum VN Number     :  0.49E+00 on Mesh 1 at (102,41,8)
       ---------------------------------------------------------------
       Max CFL number:  0.87E+00 at (100,42,10)
       Max divergence:  0.56E+00 at (100,45,1)
       Min divergence: -0.28E+00 at (100,44,5)
       Max VN number :  0.49E+00 at (102,41,8)
 
       Time Step      700   June 19, 2026  10:54:57
       Step Size:  0.569E-01 s, Total Time:   78.41794 s
       Pressure Iterations: 1
       Maximum Velocity Error:  0.35E-01 on Mesh 1 at (99,40,6)
       Maximum Pressure Error:  0.50E+01 on Mesh 1 at (99,44,7)
       Maximum CFL Number    :  0.86E+00 on Mesh 1 at (100,44,10)
       Maximum VN Number     :  0.40E+00 on Mesh 1 at (81,52,7)
       ---------------------------------------------------------------
       Max CFL number:  0.86E+00 at (100,44,10)
       Max divergence:  0.65E+00 at (99,45,1)
       Min divergence: -0.34E+00 at (100,44,5)
       Max VN number :  0.40E+00 at (81,52,7)
 
       Time Step      800   June 19, 2026  10:56:00
       Step Size:  0.535E-01 s, Total Time:   83.49177 s
       Pressure Iterations: 1
       Maximum Velocity Error:  0.32E-01 on Mesh 1 at (112,40,11)
       Maximum Pressure Error:  0.40E+01 on Mesh 1 at (100,44,5)
       Maximum CFL Number    :  0.87E+00 on Mesh 1 at (99,45,12)
       Maximum VN Number     :  0.58E+00 on Mesh 1 at (91,40,12)
       ---------------------------------------------------------------
       Max CFL number:  0.87E+00 at (99,45,12)
       Max divergence:  0.74E+00 at (98,45,1)
       Min divergence: -0.32E+00 at (99,43,6)
       Max VN number :  0.58E+00 at (91,40,12)
 
       Time Step      900   June 19, 2026  10:57:12
       Step Size:  0.490E-01 s, Total Time:   88.74425 s
       Pressure Iterations: 1
       Maximum Velocity Error:  0.63E-01 on Mesh 1 at (97,40,10)
       Maximum Pressure Error:  0.48E+01 on Mesh 1 at (99,45,6)
       Maximum CFL Number    :  0.88E+00 on Mesh 1 at (98,44,8)
       Maximum VN Number     :  0.46E+00 on Mesh 1 at (100,41,6)
       ---------------------------------------------------------------
       Max CFL number:  0.88E+00 at (98,44,8)
       Max divergence:  0.86E+00 at (102,45,1)
       Min divergence: -0.35E+00 at (99,45,4)
       Max VN number :  0.46E+00 at (100,41,6)
 
       Time Step     1000   June 19, 2026  10:58:24
       Step Size:  0.458E-01 s, Total Time:   93.55167 s
       Pressure Iterations: 1
       Maximum Velocity Error:  0.23E-01 on Mesh 1 at (110,40,9)
       Maximum Pressure Error:  0.39E+01 on Mesh 1 at (97,45,12)
       Maximum CFL Number    :  0.86E+00 on Mesh 1 at (98,45,9)
       Maximum VN Number     :  0.55E+00 on Mesh 1 at (101,41,10)
       ---------------------------------------------------------------
       Max CFL number:  0.86E+00 at (98,45,9)
       Max divergence:  0.90E+00 at (103,45,1)
       Min divergence: -0.38E+00 at (98,44,5)
       Max VN number :  0.55E+00 at (101,41,10)
 
       Time Step     1100   June 19, 2026  10:59:18
       Step Size:  0.460E-01 s, Total Time:   98.63752 s
       Pressure Iterations: 1
       Maximum Velocity Error:  0.64E-01 on Mesh 1 at (98,40,9)
       Maximum Pressure Error:  0.64E+01 on Mesh 1 at (97,43,8)
       Maximum CFL Number    :  0.88E+00 on Mesh 1 at (97,43,8)
       Maximum VN Number     :  0.67E+00 on Mesh 1 at (102,41,9)
       ---------------------------------------------------------------
       Max CFL number:  0.88E+00 at (97,43,8)
       Max divergence:  0.12E+01 at (98,44,1)
       Min divergence: -0.37E+00 at (98,43,6)
       Max VN number :  0.67E+00 at (102,41,9)
 
       Time Step     1200   June 19, 2026  11:00:12
       Step Size:  0.419E-01 s, Total Time:  103.14014 s
       Pressure Iterations: 1
       Maximum Velocity Error:  0.22E-01 on Mesh 1 at (116,40,10)
       Maximum Pressure Error:  0.78E+01 on Mesh 1 at (98,44,6)
       Maximum CFL Number    :  0.89E+00 on Mesh 1 at (99,45,9)
       Maximum VN Number     :  0.39E+00 on Mesh 1 at (93,42,1)
       ---------------------------------------------------------------
       Max CFL number:  0.89E+00 at (99,45,9)
       Max divergence:  0.10E+01 at (103,45,1)
       Min divergence: -0.53E+00 at (99,45,8)
       Max VN number :  0.39E+00 at (93,42,1)
 
       Time Step     1300   June 19, 2026  11:01:04
       Step Size:  0.370E-01 s, Total Time:  107.50532 s
       Pressure Iterations: 1
       Maximum Velocity Error:  0.19E-01 on Mesh 1 at (101,40,12)
       Maximum Pressure Error:  0.12E+02 on Mesh 1 at (101,45,8)
       Maximum CFL Number    :  0.84E+00 on Mesh 1 at (100,45,7)
       Maximum VN Number     :  0.51E+00 on Mesh 1 at (102,41,11)
       ---------------------------------------------------------------
       Max CFL number:  0.84E+00 at (100,45,7)
       Max divergence:  0.11E+01 at (98,44,1)
       Min divergence: -0.38E+00 at (99,45,4)
       Max VN number :  0.51E+00 at (102,41,11)
 
       Time Step     1400   June 19, 2026  11:01:57
       Step Size:  0.461E-01 s, Total Time:  111.75238 s
       Pressure Iterations: 1
       Maximum Velocity Error:  0.58E-01 on Mesh 1 at (95,40,11)
       Maximum Pressure Error:  0.15E+02 on Mesh 1 at (99,43,6)
       Maximum CFL Number    :  0.95E+00 on Mesh 1 at (99,44,11)
       Maximum VN Number     :  0.73E+00 on Mesh 1 at (103,41,10)
       ---------------------------------------------------------------
       Max CFL number:  0.95E+00 at (99,44,11)
       Max divergence:  0.12E+01 at (103,43,1)
       Min divergence: -0.56E+00 at (100,45,5)
       Max VN number :  0.73E+00 at (103,41,10)
 
       Time Step     1500   June 19, 2026  11:02:50
       Step Size:  0.402E-01 s, Total Time:  115.99482 s
       Pressure Iterations: 1
       Maximum Velocity Error:  0.26E-01 on Mesh 1 at (105,40,9)
       Maximum Pressure Error:  0.11E+02 on Mesh 1 at (98,45,8)
       Maximum CFL Number    :  0.83E+00 on Mesh 1 at (100,44,9)
       Maximum VN Number     :  0.57E+00 on Mesh 1 at (107,44,12)
       ---------------------------------------------------------------
       Max CFL number:  0.83E+00 at (100,44,9)
       Max divergence:  0.15E+01 at (99,45,1)
       Min divergence: -0.51E+00 at (98,45,7)
       Max VN number :  0.57E+00 at (107,44,12)
 
       Time Step     1600   June 19, 2026  11:03:44
       Step Size:  0.375E-01 s, Total Time:  119.95572 s
       Pressure Iterations: 1
       Maximum Velocity Error:  0.77E-01 on Mesh 1 at (112,40,9)
       Maximum Pressure Error:  0.98E+01 on Mesh 1 at (100,44,8)
       Maximum CFL Number    :  0.86E+00 on Mesh 1 at (100,44,8)
       Maximum VN Number     :  0.56E+00 on Mesh 1 at (92,44,12)
       ---------------------------------------------------------------
       Max CFL number:  0.86E+00 at (100,44,8)
       Max divergence:  0.13E+01 at (99,44,1)
       Min divergence: -0.52E+00 at (100,44,5)
       Max VN number :  0.56E+00 at (92,44,12)
 
       Time Step     1700   June 19, 2026  11:04:38
       Step Size:  0.425E-01 s, Total Time:  124.06602 s
       Pressure Iterations: 1
       Maximum Velocity Error:  0.50E-01 on Mesh 1 at (108,40,12)
       Maximum Pressure Error:  0.12E+02 on Mesh 1 at (98,45,8)
       Maximum CFL Number    :  0.92E+00 on Mesh 1 at (99,43,10)
       Maximum VN Number     :  0.51E+00 on Mesh 1 at (97,44,12)
       ---------------------------------------------------------------
       Max CFL number:  0.92E+00 at (99,43,10)
       Max divergence:  0.14E+01 at (102,45,1)
       Min divergence: -0.67E+00 at (101,45,4)
       Max VN number :  0.51E+00 at (97,44,12)
 
       Time Step     1800   June 19, 2026  11:05:36
       Step Size:  0.378E-01 s, Total Time:  127.76066 s
       Pressure Iterations: 1
       Maximum Velocity Error:  0.37E-01 on Mesh 1 at (116,40,12)
       Maximum Pressure Error:  0.12E+02 on Mesh 1 at (99,46,12)
       Maximum CFL Number    :  0.86E+00 on Mesh 1 at (99,46,10)
       Maximum VN Number     :  0.49E+00 on Mesh 1 at (90,40,12)
       ---------------------------------------------------------------
       Max CFL number:  0.86E+00 at (99,46,10)
       Max divergence:  0.14E+01 at (103,45,1)
       Min divergence: -0.63E+00 at (100,45,4)
       Max VN number :  0.49E+00 at (90,40,12)
 
       Time Step     1900   June 19, 2026  11:06:27
       Step Size:  0.417E-01 s, Total Time:  131.75167 s
       Pressure Iterations: 1
       Maximum Velocity Error:  0.67E-01 on Mesh 1 at (93,40,11)
       Maximum Pressure Error:  0.18E+02 on Mesh 1 at (100,45,7)
       Maximum CFL Number    :  0.88E+00 on Mesh 1 at (100,45,6)
       Maximum VN Number     :  0.53E+00 on Mesh 1 at (92,44,12)
       ---------------------------------------------------------------
       Max CFL number:  0.88E+00 at (100,45,6)
       Max divergence:  0.15E+01 at (98,45,1)
       Min divergence: -0.68E+00 at (100,45,6)
       Max VN number :  0.53E+00 at (92,44,12)
 
       Time Step     2000   June 19, 2026  11:07:20
       Step Size:  0.354E-01 s, Total Time:  135.66813 s
       Pressure Iterations: 1
       Maximum Velocity Error:  0.30E-01 on Mesh 1 at (99,40,10)
       Maximum Pressure Error:  0.17E+02 on Mesh 1 at (100,44,6)
       Maximum CFL Number    :  0.89E+00 on Mesh 1 at (100,44,6)
       Maximum VN Number     :  0.36E+00 on Mesh 1 at (109,45,12)
       ---------------------------------------------------------------
       Max CFL number:  0.89E+00 at (100,44,6)
       Max divergence:  0.15E+01 at (98,45,1)
       Min divergence: -0.67E+00 at (100,44,6)
       Max VN number :  0.36E+00 at (109,45,12)
 
       Time Step     2100   June 19, 2026  11:08:13
       Step Size:  0.380E-01 s, Total Time:  139.34122 s
       Pressure Iterations: 1
       Maximum Velocity Error:  0.30E-01 on Mesh 1 at (99,40,12)
       Maximum Pressure Error:  0.14E+02 on Mesh 1 at (101,44,1)
       Maximum CFL Number    :  0.83E+00 on Mesh 1 at (98,43,12)
       Maximum VN Number     :  0.55E+00 on Mesh 1 at (102,47,12)
       ---------------------------------------------------------------
       Max CFL number:  0.83E+00 at (98,43,12)
       Max divergence:  0.16E+01 at (98,44,1)
       Min divergence: -0.63E+00 at (99,44,4)
       Max VN number :  0.55E+00 at (102,47,12)
 
       Time Step     2200   June 19, 2026  11:09:18
       Step Size:  0.411E-01 s, Total Time:  143.03055 s
       Pressure Iterations: 1
       Maximum Velocity Error:  0.72E-01 on Mesh 1 at (109,40,11)
       Maximum Pressure Error:  0.21E+02 on Mesh 1 at (99,44,5)
       Maximum CFL Number    :  0.87E+00 on Mesh 1 at (99,45,7)
       Maximum VN Number     :  0.60E+00 on Mesh 1 at (101,44,12)
       ---------------------------------------------------------------
       Max CFL number:  0.87E+00 at (99,45,7)
       Max divergence:  0.16E+01 at (99,45,1)
       Min divergence: -0.62E+00 at (99,44,5)
       Max VN number :  0.60E+00 at (101,44,12)
 
       Time Step     2300   June 19, 2026  11:10:31
       Step Size:  0.394E-01 s, Total Time:  146.79238 s
       Pressure Iterations: 1
       Maximum Velocity Error:  0.76E-01 on Mesh 1 at (108,40,9)
       Maximum Pressure Error:  0.12E+02 on Mesh 1 at (98,45,12)
       Maximum CFL Number    :  0.93E+00 on Mesh 1 at (97,43,9)
       Maximum VN Number     :  0.65E+00 on Mesh 1 at (96,41,11)
       ---------------------------------------------------------------
       Max CFL number:  0.93E+00 at (97,43,9)
       Max divergence:  0.32E+01 at (101,45,1)
       Min divergence: -0.75E+00 at (100,43,2)
       Max VN number :  0.65E+00 at (96,41,11)
 
       Time Step     2400   June 19, 2026  11:11:43
       Step Size:  0.320E-01 s, Total Time:  150.74547 s
       Pressure Iterations: 1
       Maximum Velocity Error:  0.66E-01 on Mesh 1 at (110,40,11)
       Maximum Pressure Error:  0.24E+02 on Mesh 1 at (100,43,1)
       Maximum CFL Number    :  0.89E+00 on Mesh 1 at (98,45,9)
       Maximum VN Number     :  0.65E+00 on Mesh 1 at (93,41,9)
       ---------------------------------------------------------------
       Max CFL number:  0.89E+00 at (98,45,9)
       Max divergence:  0.18E+01 at (98,45,1)
       Min divergence: -0.62E+00 at (99,45,7)
       Max VN number :  0.65E+00 at (93,41,9)
 
       Time Step     2500   June 19, 2026  11:12:59
       Step Size:  0.367E-01 s, Total Time:  154.28732 s
       Pressure Iterations: 1
       Maximum Velocity Error:  0.67E-01 on Mesh 1 at (101,40,8)
       Maximum Pressure Error:  0.99E+01 on Mesh 1 at (100,44,5)
       Maximum CFL Number    :  0.88E+00 on Mesh 1 at (101,43,8)
       Maximum VN Number     :  0.62E+00 on Mesh 1 at (86,46,12)
       ---------------------------------------------------------------
       Max CFL number:  0.88E+00 at (101,43,8)
       Max divergence:  0.16E+01 at (103,45,1)
       Min divergence: -0.78E+00 at (100,45,5)
       Max VN number :  0.62E+00 at (86,46,12)
 
       Time Step     2600   June 19, 2026  11:14:15
       Step Size:  0.383E-01 s, Total Time:  157.97426 s
       Pressure Iterations: 1
       Maximum Velocity Error:  0.64E-01 on Mesh 1 at (107,40,9)
       Maximum Pressure Error:  0.15E+02 on Mesh 1 at (101,46,6)
       Maximum CFL Number    :  0.87E+00 on Mesh 1 at (100,45,7)
       Maximum VN Number     :  0.47E+00 on Mesh 1 at (93,44,12)
       ---------------------------------------------------------------
       Max CFL number:  0.87E+00 at (100,45,7)
       Max divergence:  0.20E+01 at (102,45,1)
       Min divergence: -0.77E+00 at (100,46,7)
       Max VN number :  0.47E+00 at (93,44,12)
 
       Time Step     2700   June 19, 2026  11:15:30
       Step Size:  0.330E-01 s, Total Time:  161.44231 s
       Pressure Iterations: 1
       Maximum Velocity Error:  0.20E-01 on Mesh 1 at (105,40,12)
       Maximum Pressure Error:  0.24E+02 on Mesh 1 at (99,47,10)
       Maximum CFL Number    :  0.88E+00 on Mesh 1 at (99,46,12)
       Maximum VN Number     :  0.47E+00 on Mesh 1 at (101,41,11)
       ---------------------------------------------------------------
       Max CFL number:  0.88E+00 at (99,46,12)
       Max divergence:  0.18E+01 at (103,45,1)
       Min divergence: -0.70E+00 at (99,45,9)
       Max VN number :  0.47E+00 at (101,41,11)
 
       Time Step     2800   June 19, 2026  11:16:43
       Step Size:  0.349E-01 s, Total Time:  164.78016 s
       Pressure Iterations: 1
       Maximum Velocity Error:  0.29E-01 on Mesh 1 at (108,40,9)
       Maximum Pressure Error:  0.17E+02 on Mesh 1 at (101,46,1)
       Maximum CFL Number    :  0.88E+00 on Mesh 1 at (101,45,9)
       Maximum VN Number     :  0.64E+00 on Mesh 1 at (103,41,9)
       ---------------------------------------------------------------
       Max CFL number:  0.88E+00 at (101,45,9)
       Max divergence:  0.21E+01 at (99,45,1)
       Min divergence: -0.13E+01 at (101,45,5)
       Max VN number :  0.64E+00 at (103,41,9)
 
       Time Step     2900   June 19, 2026  11:18:00
       Step Size:  0.324E-01 s, Total Time:  168.14028 s
       Pressure Iterations: 1
       Maximum Velocity Error:  0.41E-01 on Mesh 1 at (116,40,9)
       Maximum Pressure Error:  0.22E+02 on Mesh 1 at (99,46,12)
       Maximum CFL Number    :  0.95E+00 on Mesh 1 at (99,43,9)
       Maximum VN Number     :  0.40E+00 on Mesh 1 at (110,52,5)
       ---------------------------------------------------------------
       Max CFL number:  0.95E+00 at (99,43,9)
       Max divergence:  0.22E+01 at (100,45,1)
       Min divergence: -0.70E+00 at (99,44,4)
       Max VN number :  0.40E+00 at (110,52,5)
 
       Time Step     3000   June 19, 2026  11:19:17
       Step Size:  0.343E-01 s, Total Time:  171.45212 s
       Pressure Iterations: 1
       Maximum Velocity Error:  0.50E-01 on Mesh 1 at (93,40,12)
       Maximum Pressure Error:  0.21E+02 on Mesh 1 at (99,43,10)
       Maximum CFL Number    :  0.90E+00 on Mesh 1 at (99,44,10)
       Maximum VN Number     :  0.62E+00 on Mesh 1 at (100,44,12)
       ---------------------------------------------------------------
       Max CFL number:  0.90E+00 at (99,44,10)
       Max divergence:  0.21E+01 at (103,46,1)
       Min divergence: -0.61E+00 at (99,43,9)
       Max VN number :  0.62E+00 at (100,44,12)
 
       Time Step     3100   June 19, 2026  11:19:56
       Step Size:  0.326E-01 s, Total Time:  174.92788 s
       Pressure Iterations: 1
       Maximum Velocity Error:  0.66E-01 on Mesh 1 at (109,40,10)
       Maximum Pressure Error:  0.15E+02 on Mesh 1 at (101,45,12)
       Maximum CFL Number    :  0.87E+00 on Mesh 1 at (101,45,9)
       Maximum VN Number     :  0.45E+00 on Mesh 1 at (102,41,6)
       ---------------------------------------------------------------
       Max CFL number:  0.87E+00 at (101,45,9)
       Max divergence:  0.19E+01 at (103,43,1)
       Min divergence: -0.70E+00 at (101,44,4)
       Max VN number :  0.45E+00 at (102,41,6)
 
       Time Step     3200   June 19, 2026  11:20:54
       Step Size:  0.383E-01 s, Total Time:  178.29950 s
       Pressure Iterations: 1
       Maximum Velocity Error:  0.98E-01 on Mesh 1 at (117,40,9)
       Maximum Pressure Error:  0.50E+02 on Mesh 1 at (100,44,1)
       Maximum CFL Number    :  0.90E+00 on Mesh 1 at (101,46,9)
       Maximum VN Number     :  0.49E+00 on Mesh 1 at (95,42,12)
       ---------------------------------------------------------------
       Max CFL number:  0.90E+00 at (101,46,9)
       Max divergence:  0.20E+01 at (102,44,1)
       Min divergence: -0.12E+01 at (100,44,3)
       Max VN number :  0.49E+00 at (95,42,12)
 
       Time Step     3300   June 19, 2026  11:22:08
       Step Size:  0.309E-01 s, Total Time:  181.57182 s
       Pressure Iterations: 2
       Maximum Velocity Error:  0.24E-01 on Mesh 1 at (110,40,10)
       Maximum Pressure Error:  0.36E+02 on Mesh 1 at (100,43,9)
       Maximum CFL Number    :  0.96E+00 on Mesh 1 at (100,43,8)
       Maximum VN Number     :  0.41E+00 on Mesh 1 at (93,41,10)
       ---------------------------------------------------------------
       Max CFL number:  0.96E+00 at (100,43,8)
       Max divergence:  0.22E+01 at (98,45,1)
       Min divergence: -0.84E+00 at (100,43,9)
       Max VN number :  0.41E+00 at (93,41,10)
 
       Time Step     3400   June 19, 2026  11:23:23
       Step Size:  0.380E-01 s, Total Time:  184.93419 s
       Pressure Iterations: 1
       Maximum Velocity Error:  0.98E-01 on Mesh 1 at (98,40,10)
       Maximum Pressure Error:  0.10E+03 on Mesh 1 at (100,44,1)
       Maximum CFL Number    :  0.97E+00 on Mesh 1 at (98,43,7)
       Maximum VN Number     :  0.63E+00 on Mesh 1 at (95,41,9)
       ---------------------------------------------------------------
       Max CFL number:  0.97E+00 at (98,43,7)
       Max divergence:  0.20E+01 at (98,45,1)
       Min divergence: -0.86E+00 at (100,43,3)
       Max VN number :  0.63E+00 at (95,41,9)
 
       Time Step     3500   June 19, 2026  11:24:37
       Step Size:  0.312E-01 s, Total Time:  188.09019 s
       Pressure Iterations: 1
       Maximum Velocity Error:  0.71E-01 on Mesh 1 at (111,40,9)
       Maximum Pressure Error:  0.28E+02 on Mesh 1 at (101,43,6)
       Maximum CFL Number    :  0.85E+00 on Mesh 1 at (101,45,8)
       Maximum VN Number     :  0.41E+00 on Mesh 1 at (90,40,12)
       ---------------------------------------------------------------
       Max CFL number:  0.85E+00 at (101,45,8)
       Max divergence:  0.23E+01 at (98,44,1)
       Min divergence: -0.76E+00 at (101,45,11)
       Max VN number :  0.41E+00 at (90,40,12)
 
       Time Step     3600   June 19, 2026  11:25:52
       Step Size:  0.299E-01 s, Total Time:  191.34148 s
       Pressure Iterations: 1
       Maximum Velocity Error:  0.30E-01 on Mesh 1 at (115,40,12)
       Maximum Pressure Error:  0.40E+02 on Mesh 1 at (101,44,9)
       Maximum CFL Number    :  0.90E+00 on Mesh 1 at (101,44,7)
       Maximum VN Number     :  0.51E+00 on Mesh 1 at (94,41,9)
       ---------------------------------------------------------------
       Max CFL number:  0.90E+00 at (101,44,7)
       Max divergence:  0.21E+01 at (98,43,1)
       Min divergence: -0.95E+00 at (101,44,8)
       Max VN number :  0.51E+00 at (94,41,9)
 
       Time Step     3700   June 19, 2026  11:27:04
       Step Size:  0.306E-01 s, Total Time:  194.43003 s
       Pressure Iterations: 1
       Maximum Velocity Error:  0.80E-01 on Mesh 1 at (100,40,12)
       Maximum Pressure Error:  0.15E+03 on Mesh 1 at (100,43,1)
       Maximum CFL Number    :  0.82E+00 on Mesh 1 at (100,44,10)
       Maximum VN Number     :  0.66E+00 on Mesh 1 at (90,40,12)
       ---------------------------------------------------------------
       Max CFL number:  0.82E+00 at (100,44,10)
       Max divergence:  0.22E+01 at (101,45,1)
       Min divergence: -0.83E+00 at (100,44,7)
       Max VN number :  0.66E+00 at (90,40,12)
 
       Time Step     3800   June 19, 2026  11:28:19
       Step Size:  0.325E-01 s, Total Time:  197.57863 s
       Pressure Iterations: 1
       Maximum Velocity Error:  0.63E-01 on Mesh 1 at (107,40,11)
       Maximum Pressure Error:  0.26E+02 on Mesh 1 at (100,44,1)
       Maximum CFL Number    :  0.92E+00 on Mesh 1 at (100,45,8)
       Maximum VN Number     :  0.54E+00 on Mesh 1 at (104,41,9)
       ---------------------------------------------------------------
       Max CFL number:  0.92E+00 at (100,45,8)
       Max divergence:  0.23E+01 at (98,44,1)
       Min divergence: -0.85E+00 at (100,44,3)
       Max VN number :  0.54E+00 at (104,41,9)
 
       Time Step     3900   June 19, 2026  11:29:46
       Step Size:  0.276E-01 s, Total Time:  200.60573 s
       Pressure Iterations: 1
       Maximum Velocity Error:  0.77E-01 on Mesh 1 at (113,40,10)
       Maximum Pressure Error:  0.43E+02 on Mesh 1 at (99,45,6)
       Maximum CFL Number    :  0.87E+00 on Mesh 1 at (100,44,6)
       Maximum VN Number     :  0.51E+00 on Mesh 1 at (101,42,12)
       ---------------------------------------------------------------
       Max CFL number:  0.87E+00 at (100,44,6)
       Max divergence:  0.31E+01 at (98,45,1)
       Min divergence: -0.11E+01 at (100,44,5)
       Max VN number :  0.51E+00 at (101,42,12)
 
       Time Step     4000   June 19, 2026  11:31:07
       Step Size:  0.367E-01 s, Total Time:  203.72727 s
       Pressure Iterations: 1
       Maximum Velocity Error:  0.12E+00 on Mesh 1 at (101,40,8)
       Maximum Pressure Error:  0.53E+02 on Mesh 1 at (101,45,1)
       Maximum CFL Number    :  0.97E+00 on Mesh 1 at (101,44,9)
       Maximum VN Number     :  0.66E+00 on Mesh 1 at (100,41,9)
       ---------------------------------------------------------------
       Max CFL number:  0.97E+00 at (101,44,9)
       Max divergence:  0.24E+01 at (99,44,1)
       Min divergence: -0.11E+01 at (101,45,5)
       Max VN number :  0.66E+00 at (100,41,9)
 
       Time Step     4100   June 19, 2026  11:32:26
       Step Size:  0.311E-01 s, Total Time:  206.86125 s
       Pressure Iterations: 1
       Maximum Velocity Error:  0.47E-01 on Mesh 1 at (111,40,10)
       Maximum Pressure Error:  0.63E+02 on Mesh 1 at (99,45,1)
       Maximum CFL Number    :  0.86E+00 on Mesh 1 at (98,45,12)
       Maximum VN Number     :  0.47E+00 on Mesh 1 at (105,42,12)
       ---------------------------------------------------------------
       Max CFL number:  0.86E+00 at (98,45,12)
       Max divergence:  0.38E+01 at (98,44,1)
       Min divergence: -0.10E+01 at (99,44,3)
       Max VN number :  0.47E+00 at (105,42,12)
 
       Time Step     4200   June 19, 2026  11:33:20
       Step Size:  0.278E-01 s, Total Time:  209.94206 s
       Pressure Iterations: 1
       Maximum Velocity Error:  0.21E-01 on Mesh 1 at (110,40,11)
       Maximum Pressure Error:  0.27E+02 on Mesh 1 at (101,45,5)
       Maximum CFL Number    :  0.80E+00 on Mesh 1 at (97,44,12)
       Maximum VN Number     :  0.40E+00 on Mesh 1 at (88,45,12)
       ---------------------------------------------------------------
       Max CFL number:  0.80E+00 at (97,44,12)
       Max divergence:  0.24E+01 at (99,45,1)
       Min divergence: -0.16E+01 at (101,44,8)
       Max VN number :  0.40E+00 at (88,45,12)
 
       Time Step     4300   June 19, 2026  11:34:28
       Step Size:  0.367E-01 s, Total Time:  213.11191 s
       Pressure Iterations: 2
       Maximum Velocity Error:  0.24E-01 on Mesh 1 at (114,40,10)
       Maximum Pressure Error:  0.44E+02 on Mesh 1 at (102,43,7)
       Maximum CFL Number    :  0.96E+00 on Mesh 1 at (113,41,10)
       Maximum VN Number     :  0.44E+00 on Mesh 1 at (98,43,12)
       ---------------------------------------------------------------
       Max CFL number:  0.96E+00 at (113,41,10)
       Max divergence:  0.26E+01 at (100,45,1)
       Min divergence: -0.11E+01 at (101,44,4)
       Max VN number :  0.44E+00 at (98,43,12)
 
       Time Step     4400   June 19, 2026  11:35:49
       Step Size:  0.277E-01 s, Total Time:  216.06622 s
       Pressure Iterations: 1
       Maximum Velocity Error:  0.10E+00 on Mesh 1 at (113,40,10)
       Maximum Pressure Error:  0.54E+02 on Mesh 1 at (100,45,1)
       Maximum CFL Number    :  0.97E+00 on Mesh 1 at (100,45,9)
       Maximum VN Number     :  0.42E+00 on Mesh 1 at (104,41,9)
       ---------------------------------------------------------------
       Max CFL number:  0.97E+00 at (100,45,9)
       Max divergence:  0.22E+01 at (98,45,1)
       Min divergence: -0.73E+00 at (99,44,8)
       Max VN number :  0.42E+00 at (104,41,9)
 
       Time Step     4500   June 19, 2026  11:37:12
       Step Size:  0.299E-01 s, Total Time:  219.14511 s
       Pressure Iterations: 1
       Maximum Velocity Error:  0.39E-01 on Mesh 1 at (105,40,12)
       Maximum Pressure Error:  0.25E+03 on Mesh 1 at (100,44,1)
       Maximum CFL Number    :  0.85E+00 on Mesh 1 at (99,45,7)
       Maximum VN Number     :  0.49E+00 on Mesh 1 at (107,42,12)
       ---------------------------------------------------------------
       Max CFL number:  0.85E+00 at (99,45,7)
       Max divergence:  0.25E+01 at (102,45,1)
       Min divergence: -0.22E+01 at (100,44,4)
       Max VN number :  0.49E+00 at (107,42,12)
 
       Time Step     4600   June 19, 2026  11:38:19
       Step Size:  0.342E-01 s, Total Time:  222.23791 s
       Pressure Iterations: 1
       Maximum Velocity Error:  0.81E-01 on Mesh 1 at (106,40,12)
       Maximum Pressure Error:  0.27E+02 on Mesh 1 at (104,43,1)
       Maximum CFL Number    :  0.87E+00 on Mesh 1 at (100,43,5)
       Maximum VN Number     :  0.53E+00 on Mesh 1 at (113,48,12)
       ---------------------------------------------------------------
       Max CFL number:  0.87E+00 at (100,43,5)
       Max divergence:  0.25E+01 at (98,44,1)
       Min divergence: -0.78E+00 at (101,42,6)
       Max VN number :  0.53E+00 at (113,48,12)
 
       Time Step     4700   June 19, 2026  11:39:19
       Step Size:  0.319E-01 s, Total Time:  225.51367 s
       Pressure Iterations: 1
       Maximum Velocity Error:  0.60E-01 on Mesh 1 at (95,40,10)
       Maximum Pressure Error:  0.14E+03 on Mesh 1 at (100,44,1)
       Maximum CFL Number    :  0.87E+00 on Mesh 1 at (101,43,9)
       Maximum VN Number     :  0.72E+00 on Mesh 1 at (100,41,11)
       ---------------------------------------------------------------
       Max CFL number:  0.87E+00 at (101,43,9)
       Max divergence:  0.24E+01 at (98,44,1)
       Min divergence: -0.13E+01 at (100,44,4)
       Max VN number :  0.72E+00 at (100,41,11)
 
       Time Step     4800   June 19, 2026  11:40:14
       Step Size:  0.247E-01 s, Total Time:  228.51875 s
       Pressure Iterations: 1
       Maximum Velocity Error:  0.25E-01 on Mesh 1 at (118,40,10)
       Maximum Pressure Error:  0.63E+02 on Mesh 1 at (100,45,1)
       Maximum CFL Number    :  0.89E+00 on Mesh 1 at (100,45,9)
       Maximum VN Number     :  0.47E+00 on Mesh 1 at (104,41,10)
       ---------------------------------------------------------------
       Max CFL number:  0.89E+00 at (100,45,9)
       Max divergence:  0.22E+01 at (103,45,1)
       Min divergence: -0.14E+01 at (100,44,2)
       Max VN number :  0.47E+00 at (104,41,10)
 
       Time Step     4900   June 19, 2026  11:41:08
       Step Size:  0.283E-01 s, Total Time:  231.56340 s
       Pressure Iterations: 1
       Maximum Velocity Error:  0.30E-01 on Mesh 1 at (110,40,9)
       Maximum Pressure Error:  0.11E+03 on Mesh 1 at (101,44,1)
       Maximum CFL Number    :  0.87E+00 on Mesh 1 at (99,46,10)
       Maximum VN Number     :  0.45E+00 on Mesh 1 at (111,41,5)
       ---------------------------------------------------------------
       Max CFL number:  0.87E+00 at (99,46,10)
       Max divergence:  0.26E+01 at (98,43,1)
       Min divergence: -0.12E+01 at (100,44,7)
       Max VN number :  0.45E+00 at (111,41,5)
 
       Time Step     5000   June 19, 2026  11:41:57
       Step Size:  0.346E-01 s, Total Time:  234.76549 s
       Pressure Iterations: 1
       Maximum Velocity Error:  0.93E-01 on Mesh 1 at (99,40,10)
       Maximum Pressure Error:  0.76E+02 on Mesh 1 at (101,45,1)
       Maximum CFL Number    :  0.90E+00 on Mesh 1 at (99,44,6)
       Maximum VN Number     :  0.73E+00 on Mesh 1 at (89,41,12)
       ---------------------------------------------------------------
       Max CFL number:  0.90E+00 at (99,44,6)
       Max divergence:  0.27E+01 at (99,45,1)
       Min divergence: -0.13E+01 at (99,44,6)
       Max VN number :  0.73E+00 at (89,41,12)
 
       Time Step     5100   June 19, 2026  11:42:47
       Step Size:  0.315E-01 s, Total Time:  237.92782 s
       Pressure Iterations: 1
       Maximum Velocity Error:  0.43E-01 on Mesh 1 at (116,40,11)
       Maximum Pressure Error:  0.44E+02 on Mesh 1 at (100,46,10)
       Maximum CFL Number    :  0.96E+00 on Mesh 1 at (100,45,8)
       Maximum VN Number     :  0.57E+00 on Mesh 1 at (104,41,7)
       ---------------------------------------------------------------
       Max CFL number:  0.96E+00 at (100,45,8)
       Max divergence:  0.23E+01 at (102,44,1)
       Min divergence: -0.11E+01 at (100,44,5)
       Max VN number :  0.57E+00 at (104,41,7)
 
       Time Step     5200   June 19, 2026  11:43:41
       Step Size:  0.323E-01 s, Total Time:  241.27734 s
       Pressure Iterations: 1
       Maximum Velocity Error:  0.47E-01 on Mesh 1 at (95,40,12)
       Maximum Pressure Error:  0.33E+02 on Mesh 1 at (99,46,10)
       Maximum CFL Number    :  0.95E+00 on Mesh 1 at (99,45,8)
       Maximum VN Number     :  0.58E+00 on Mesh 1 at (90,44,12)
       ---------------------------------------------------------------
       Max CFL number:  0.95E+00 at (99,45,8)
       Max divergence:  0.24E+01 at (103,45,1)
       Min divergence: -0.13E+01 at (99,46,10)
       Max VN number :  0.58E+00 at (90,44,12)
 
       Time Step     5300   June 19, 2026  11:44:30
       Step Size:  0.309E-01 s, Total Time:  244.32638 s
       Pressure Iterations: 1
       Maximum Velocity Error:  0.82E-01 on Mesh 1 at (98,40,10)
       Maximum Pressure Error:  0.51E+02 on Mesh 1 at (100,44,1)
       Maximum CFL Number    :  0.86E+00 on Mesh 1 at (98,42,12)
       Maximum VN Number     :  0.71E+00 on Mesh 1 at (101,41,10)
       ---------------------------------------------------------------
       Max CFL number:  0.86E+00 at (98,42,12)
       Max divergence:  0.33E+01 at (100,46,1)
       Min divergence: -0.65E+00 at (100,44,1)
       Max VN number :  0.71E+00 at (101,41,10)
 
       Time Step     5400   June 19, 2026  11:45:23
       Step Size:  0.286E-01 s, Total Time:  247.58800 s
       Pressure Iterations: 1
       Maximum Velocity Error:  0.49E-01 on Mesh 1 at (108,40,12)
       Maximum Pressure Error:  0.39E+02 on Mesh 1 at (100,42,8)
       Maximum CFL Number    :  0.79E+00 on Mesh 1 at (100,43,9)
       Maximum VN Number     :  0.50E+00 on Mesh 1 at (99,50,12)
       ---------------------------------------------------------------
       Max CFL number:  0.79E+00 at (100,43,9)
       Max divergence:  0.22E+01 at (103,45,1)
       Min divergence: -0.75E+00 at (100,44,7)
       Max VN number :  0.50E+00 at (99,50,12)
 
       Time Step     5500   June 19, 2026  11:46:14
       Step Size:  0.322E-01 s, Total Time:  250.76189 s
       Pressure Iterations: 1
       Maximum Velocity Error:  0.55E-01 on Mesh 1 at (107,40,10)
       Maximum Pressure Error:  0.22E+02 on Mesh 1 at (99,45,1)
       Maximum CFL Number    :  0.85E+00 on Mesh 1 at (97,43,12)
       Maximum VN Number     :  0.68E+00 on Mesh 1 at (108,41,10)
       ---------------------------------------------------------------
       Max CFL number:  0.85E+00 at (97,43,12)
       Max divergence:  0.23E+01 at (102,44,1)
       Min divergence: -0.81E+00 at (100,43,5)
       Max VN number :  0.68E+00 at (108,41,10)
 
       Time Step     5600   June 19, 2026  11:47:07
       Step Size:  0.297E-01 s, Total Time:  253.89059 s
       Pressure Iterations: 1
       Maximum Velocity Error:  0.63E-01 on Mesh 1 at (116,40,9)
       Maximum Pressure Error:  0.16E+03 on Mesh 1 at (100,44,1)
       Maximum CFL Number    :  0.89E+00 on Mesh 1 at (100,44,8)
       Maximum VN Number     :  0.46E+00 on Mesh 1 at (94,43,12)
       ---------------------------------------------------------------
       Max CFL number:  0.89E+00 at (100,44,8)
       Max divergence:  0.22E+01 at (98,44,1)
       Min divergence: -0.84E+00 at (100,44,4)
       Max VN number :  0.46E+00 at (94,43,12)
 
       Time Step     5700   June 19, 2026  11:47:58
       Step Size:  0.286E-01 s, Total Time:  256.95083 s
       Pressure Iterations: 1
       Maximum Velocity Error:  0.58E-01 on Mesh 1 at (100,40,12)
       Maximum Pressure Error:  0.52E+02 on Mesh 1 at (100,44,1)
       Maximum CFL Number    :  0.85E+00 on Mesh 1 at (99,45,12)
       Maximum VN Number     :  0.81E+00 on Mesh 1 at (97,42,12)
       ---------------------------------------------------------------
       Max CFL number:  0.85E+00 at (99,45,12)
       Max divergence:  0.36E+01 at (100,46,1)
       Min divergence: -0.92E+00 at (98,44,8)
       Max VN number :  0.81E+00 at (97,42,12)
 
       Time Step     5800   June 19, 2026  11:48:49
       Step Size:  0.270E-01 s, Total Time:  259.93388 s
       Pressure Iterations: 1
       Maximum Velocity Error:  0.47E-01 on Mesh 1 at (117,40,11)
       Maximum Pressure Error:  0.39E+02 on Mesh 1 at (99,43,10)
       Maximum CFL Number    :  0.84E+00 on Mesh 1 at (99,44,7)
       Maximum VN Number     :  0.42E+00 on Mesh 1 at (105,41,10)
       ---------------------------------------------------------------
       Max CFL number:  0.84E+00 at (99,44,7)
       Max divergence:  0.25E+01 at (101,46,1)
       Min divergence: -0.89E+00 at (100,44,4)
       Max VN number :  0.42E+00 at (105,41,10)
 
       Time Step     5900   June 19, 2026  11:49:40
       Step Size:  0.323E-01 s, Total Time:  263.00614 s
       Pressure Iterations: 1
       Maximum Velocity Error:  0.63E-01 on Mesh 1 at (112,40,11)
       Maximum Pressure Error:  0.12E+03 on Mesh 1 at (101,44,1)
       Maximum CFL Number    :  0.92E+00 on Mesh 1 at (100,43,7)
       Maximum VN Number     :  0.52E+00 on Mesh 1 at (103,44,12)
       ---------------------------------------------------------------
       Max CFL number:  0.92E+00 at (100,43,7)
       Max divergence:  0.24E+01 at (100,43,1)
       Min divergence: -0.11E+01 at (101,44,3)
       Max VN number :  0.52E+00 at (103,44,12)
 
       Time Step     6000   June 19, 2026  11:50:20
       Step Size:  0.287E-01 s, Total Time:  266.05978 s
       Pressure Iterations: 1
       Maximum Velocity Error:  0.78E-01 on Mesh 1 at (100,40,9)
       Maximum Pressure Error:  0.68E+02 on Mesh 1 at (101,44,1)
       Maximum CFL Number    :  0.85E+00 on Mesh 1 at (100,42,10)
       Maximum VN Number     :  0.51E+00 on Mesh 1 at (102,41,9)
       ---------------------------------------------------------------
       Max CFL number:  0.85E+00 at (100,42,10)
       Max divergence:  0.22E+01 at (102,45,1)
       Min divergence: -0.74E+00 at (101,43,9)
       Max VN number :  0.51E+00 at (102,41,9)
 
       Time Step     6100   June 19, 2026  11:50:59
       Step Size:  0.279E-01 s, Total Time:  268.98432 s
       Pressure Iterations: 1
       Maximum Velocity Error:  0.38E-01 on Mesh 1 at (113,40,10)
       Maximum Pressure Error:  0.25E+02 on Mesh 1 at (99,45,9)
       Maximum CFL Number    :  0.94E+00 on Mesh 1 at (99,45,7)
       Maximum VN Number     :  0.45E+00 on Mesh 1 at (103,41,10)
       ---------------------------------------------------------------
       Max CFL number:  0.94E+00 at (99,45,7)
       Max divergence:  0.22E+01 at (98,44,1)
       Min divergence: -0.79E+00 at (99,45,8)
       Max VN number :  0.45E+00 at (103,41,10)
 
       Time Step     6200   June 19, 2026  11:51:40
       Step Size:  0.306E-01 s, Total Time:  272.27030 s
       Pressure Iterations: 1
       Maximum Velocity Error:  0.42E-01 on Mesh 1 at (111,40,11)
       Maximum Pressure Error:  0.33E+02 on Mesh 1 at (97,45,10)
       Maximum CFL Number    :  0.89E+00 on Mesh 1 at (99,44,10)
       Maximum VN Number     :  0.48E+00 on Mesh 1 at (86,46,12)
       ---------------------------------------------------------------
       Max CFL number:  0.89E+00 at (99,44,10)
       Max divergence:  0.24E+01 at (101,44,1)
       Min divergence: -0.89E+00 at (99,44,4)
       Max VN number :  0.48E+00 at (86,46,12)
 
       Time Step     6300   June 19, 2026  11:52:15
       Step Size:  0.355E-01 s, Total Time:  275.51976 s
       Pressure Iterations: 1
       Maximum Velocity Error:  0.12E+00 on Mesh 1 at (115,40,11)
       Maximum Pressure Error:  0.67E+02 on Mesh 1 at (100,44,1)
       Maximum CFL Number    :  0.85E+00 on Mesh 1 at (101,45,8)
       Maximum VN Number     :  0.59E+00 on Mesh 1 at (97,41,11)
       ---------------------------------------------------------------
       Max CFL number:  0.85E+00 at (101,45,8)
       Max divergence:  0.25E+01 at (102,44,1)
       Min divergence: -0.11E+01 at (100,45,5)
       Max VN number :  0.59E+00 at (97,41,11)
 
       Time Step     6400   June 19, 2026  11:52:51
       Step Size:  0.257E-01 s, Total Time:  278.50967 s
       Pressure Iterations: 1
       Maximum Velocity Error:  0.34E-01 on Mesh 1 at (98,40,12)
       Maximum Pressure Error:  0.22E+03 on Mesh 1 at (100,45,1)
       Maximum CFL Number    :  0.82E+00 on Mesh 1 at (100,46,11)
       Maximum VN Number     :  0.35E+00 on Mesh 1 at (109,52,5)
       ---------------------------------------------------------------
       Max CFL number:  0.82E+00 at (100,46,11)
       Max divergence:  0.23E+01 at (99,46,1)
       Min divergence: -0.10E+01 at (100,46,7)
       Max VN number :  0.35E+00 at (109,52,5)
 
       Time Step     6500   June 19, 2026  11:53:30
       Step Size:  0.354E-01 s, Total Time:  281.65933 s
       Pressure Iterations: 1
       Maximum Velocity Error:  0.43E-01 on Mesh 1 at (96,40,12)
       Maximum Pressure Error:  0.12E+02 on Mesh 1 at (99,45,12)
       Maximum CFL Number    :  0.86E+00 on Mesh 1 at (99,45,8)
       Maximum VN Number     :  0.56E+00 on Mesh 1 at (87,43,12)
       ---------------------------------------------------------------
       Max CFL number:  0.86E+00 at (99,45,8)
       Max divergence:  0.25E+01 at (99,46,1)
       Min divergence: -0.85E+00 at (99,46,6)
       Max VN number :  0.56E+00 at (87,43,12)
 
       Time Step     6600   June 19, 2026  11:54:14
       Step Size:  0.295E-01 s, Total Time:  284.91395 s
       Pressure Iterations: 1
       Maximum Velocity Error:  0.26E-01 on Mesh 1 at (110,40,12)
       Maximum Pressure Error:  0.12E+03 on Mesh 1 at (100,45,1)
       Maximum CFL Number    :  0.88E+00 on Mesh 1 at (100,45,10)
       Maximum VN Number     :  0.56E+00 on Mesh 1 at (91,50,12)
       ---------------------------------------------------------------
       Max CFL number:  0.88E+00 at (100,45,10)
       Max divergence:  0.27E+01 at (98,46,1)
       Min divergence: -0.13E+01 at (100,45,2)
       Max VN number :  0.56E+00 at (91,50,12)
 
       Time Step     6700   June 19, 2026  11:55:04
       Step Size:  0.355E-01 s, Total Time:  288.20080 s
       Pressure Iterations: 1
       Maximum Velocity Error:  0.69E-01 on Mesh 1 at (99,40,10)
       Maximum Pressure Error:  0.19E+02 on Mesh 1 at (98,46,8)
       Maximum CFL Number    :  0.89E+00 on Mesh 1 at (99,46,6)
       Maximum VN Number     :  0.67E+00 on Mesh 1 at (105,41,9)
       ---------------------------------------------------------------
       Max CFL number:  0.89E+00 at (99,46,6)
       Max divergence:  0.27E+01 at (100,46,1)
       Min divergence: -0.75E+00 at (100,44,4)
       Max VN number :  0.67E+00 at (105,41,9)
 
       Time Step     6800   June 19, 2026  11:55:55
       Step Size:  0.290E-01 s, Total Time:  291.21472 s
       Pressure Iterations: 1
       Maximum Velocity Error:  0.23E-01 on Mesh 1 at (108,40,10)
       Maximum Pressure Error:  0.11E+03 on Mesh 1 at (100,44,1)
       Maximum CFL Number    :  0.84E+00 on Mesh 1 at (99,44,6)
       Maximum VN Number     :  0.44E+00 on Mesh 1 at (113,48,12)
       ---------------------------------------------------------------
       Max CFL number:  0.84E+00 at (99,44,6)
       Max divergence:  0.24E+01 at (98,45,1)
       Min divergence: -0.85E+00 at (100,45,5)
       Max VN number :  0.44E+00 at (113,48,12)
 
       Time Step     6900   June 19, 2026  11:56:42
       Step Size:  0.358E-01 s, Total Time:  294.32730 s
       Pressure Iterations: 1
       Maximum Velocity Error:  0.77E-01 on Mesh 1 at (115,40,10)
       Maximum Pressure Error:  0.50E+02 on Mesh 1 at (102,45,6)
       Maximum CFL Number    :  0.86E+00 on Mesh 1 at (100,46,7)
       Maximum VN Number     :  0.49E+00 on Mesh 1 at (94,44,12)
       ---------------------------------------------------------------
       Max CFL number:  0.86E+00 at (100,46,7)
       Max divergence:  0.26E+01 at (103,46,1)
       Min divergence: -0.97E+00 at (102,45,5)
       Max VN number :  0.49E+00 at (94,44,12)
 
       Time Step     7000   June 19, 2026  11:57:31
       Step Size:  0.300E-01 s, Total Time:  297.41865 s
       Pressure Iterations: 1
       Maximum Velocity Error:  0.18E-01 on Mesh 1 at (107,40,11)
       Maximum Pressure Error:  0.12E+03 on Mesh 1 at (101,45,1)
       Maximum CFL Number    :  0.81E+00 on Mesh 1 at (102,48,12)
       Maximum VN Number     :  0.52E+00 on Mesh 1 at (100,45,1)
       ---------------------------------------------------------------
       Max CFL number:  0.81E+00 at (102,48,12)
       Max divergence:  0.27E+01 at (100,46,1)
       Min divergence: -0.72E+00 at (100,42,8)
       Max VN number :  0.52E+00 at (100,45,1)
 
       Time Step     7084   June 19, 2026  11:58:14
       Step Size:  0.228E-01 s, Total Time:  300.00000 s
       Pressure Iterations: 1
       Maximum Velocity Error:  0.17E-01 on Mesh 1 at (112,40,10)
       Maximum Pressure Error:  0.46E+02 on Mesh 1 at (101,45,1)
       Maximum CFL Number    :  0.52E+00 on Mesh 1 at (100,47,9)
       Maximum VN Number     :  0.41E+00 on Mesh 1 at (119,41,6)
       ---------------------------------------------------------------
       Max CFL number:  0.52E+00 at (100,47,9)
       Max divergence:  0.35E+01 at (99,46,1)
       Min divergence: -0.12E+01 at (101,45,1)
       Max VN number :  0.41E+00 at (119,41,6)
 


 Time Stepping Wall Clock Time (s):     4113.674
 Total Elapsed Wall Clock Time (s):     4116.601

STOP: FDS completed successfully (CHID: demo)
